src/components/organization/settings/contact-location-card.tsx(16,1): error TS6192: All imports in import declaration are unused.
