src/app/settings/Map/geofencing/page.tsx(3,17): error TS6133: 'useState' is declared but its value is never read.
src/app/settings/timesheets/page.tsx(11,1): error TS6133: 'Button' is declared but its value is never read.
src/app/settings/timesheets/page.tsx(12,1): error TS6133: 'Switch' is declared but its value is never read.
src/components/settings/policies/AddOvertimePolicyDialog.tsx(9,1): error TS6133: 'Checkbox' is declared but its value is never read.
src/components/settings/policies/AddTimeOffPolicyDialog.tsx(4,1): error TS6133: 'DUMMY_MEMBERS' is declared but its value is never read.
src/components/settings/policies/AddTimeOffPolicyDialog.tsx(14,23): error TS6133: 'Search' is declared but its value is never read.
